// Jest Snapshot v1, https://goo.gl/fbAQLP

exports[`matches snapshot 1`] = `
<DocumentFragment>
  <div
    class="App"
  >
    <div>
      <div
        class="container"
      >
        <form
          class="newBoxForm"
        >
          <h1>
            Box List App:
          </h1>
          <label
            for="color"
          >
            Color: 
          </label>
          <input
            id="color"
            name="color"
            placeholder="Input a color"
            type="text"
            value=""
          />
          <br />
          <label
            for="height"
          >
            Height: 
          </label>
          <input
            id="height"
            name="height"
            placeholder="Height (px)"
            type="text"
            value=""
          />
          <br />
          <label
            for="width"
          >
            Width: 
          </label>
          <input
            id="width"
            name="width"
            placeholder="Width (px)"
            type="text"
            value=""
          />
          <br />
          <button>
            Add Box
          </button>
        </form>
      </div>
      <div
        id="5"
        style="background-color: Blue; width: 350px; height: 200px; display: inline-block; border: 1px solid black; margin: 20px;"
      />
      <button>
        X
      </button>
    </div>
  </div>
</DocumentFragment>
`;
