// Jest Snapshot v1, https://goo.gl/fbAQLP

exports[`matches snapshot 1`] = `
<DocumentFragment>
  <div
    style="background-color: blue; width: 300px; height: 200px; display: inline-block; border: 1px solid black; margin: 20px;"
  />
  <button>
    X
  </button>
</DocumentFragment>
`;
